Loading checkpoint shards:   0%|          | 0/3 [00:00<?, ?it/s]Loading checkpoint shards: 100%|██████████| 3/3 [00:00<00:00, 84.05it/s]
phase=audit_problem_begin problem=1/1 problem_id=9a9b6eb4-a1cb-49d1-8c1e-62eaf2f74079 n_bundles=0
phase=audit_prefix_done problem=1/1 t=1024 path=0 n_bundles=1
phase=audit_prefix_done problem=1/1 t=1024 path=1 n_bundles=2
phase=audit_prefix_done problem=1/1 t=2048 path=0 n_bundles=3
phase=audit_prefix_done problem=1/1 t=2048 path=1 n_bundles=4
phase=problem_completed worker=0 problem=1/32
phase=audit_problem_begin problem=1/1 problem_id=186c94eb-3f6a-43b1-b2a4-f7dec58b7318 n_bundles=0
phase=audit_prefix_done problem=1/1 t=1024 path=0 n_bundles=1
Loading checkpoint shards:   0%|          | 0/3 [00:00<?, ?it/s]Loading checkpoint shards: 100%|██████████| 3/3 [00:00<00:00, 84.50it/s]
phase=audit_problem_begin problem=1/1 problem_id=186c94eb-3f6a-43b1-b2a4-f7dec58b7318 n_bundles=0
phase=resume_prefix pid=186c94eb-3f6a-43b1-b2a4-f7dec58b7318 path=186c94eb-3f6a-43b1-b2a4-f7dec58b7318:0 t=1024
phase=audit_prefix_done problem=1/1 t=1024 path=1 n_bundles=2
phase=audit_prefix_done problem=1/1 t=2048 path=0 n_bundles=3
phase=audit_prefix_done problem=1/1 t=2048 path=1 n_bundles=4
phase=problem_completed worker=0 problem=2/32
phase=audit_problem_begin problem=1/1 problem_id=b9fe2231-060d-4b0a-bf73-7d4cfc8b7dd0 n_bundles=0
phase=audit_prefix_done problem=1/1 t=1024 path=0 n_bundles=1
phase=audit_prefix_done problem=1/1 t=1024 path=1 n_bundles=2
phase=audit_prefix_done problem=1/1 t=2048 path=0 n_bundles=3
phase=audit_prefix_done problem=1/1 t=2048 path=1 n_bundles=4
phase=problem_completed worker=0 problem=3/32
phase=audit_problem_begin problem=1/1 problem_id=e4eede97-5bed-4a2a-9b64-5de4e8cde3e8 n_bundles=0
phase=audit_prefix_done problem=1/1 t=1024 path=0 n_bundles=1
phase=audit_prefix_done problem=1/1 t=1024 path=1 n_bundles=2
phase=audit_prefix_done problem=1/1 t=2048 path=0 n_bundles=3
phase=audit_prefix_done problem=1/1 t=2048 path=1 n_bundles=4
phase=problem_completed worker=0 problem=4/32
phase=audit_problem_begin problem=1/1 problem_id=0dd91a3f-ac12-48e3-b4b3-b931738cb80a n_bundles=0
phase=audit_prefix_done problem=1/1 t=1024 path=0 n_bundles=1
phase=audit_prefix_done problem=1/1 t=1024 path=1 n_bundles=2
phase=audit_prefix_done problem=1/1 t=2048 path=0 n_bundles=3
phase=audit_prefix_done problem=1/1 t=2048 path=1 n_bundles=4
phase=problem_completed worker=0 problem=5/32
phase=audit_problem_begin problem=1/1 problem_id=3e477408-f0be-488b-b64b-455c98f01220 n_bundles=0
phase=audit_prefix_done problem=1/1 t=1024 path=0 n_bundles=1
phase=audit_prefix_done problem=1/1 t=1024 path=1 n_bundles=2
phase=audit_prefix_done problem=1/1 t=2048 path=0 n_bundles=3
phase=audit_prefix_done problem=1/1 t=2048 path=1 n_bundles=4
phase=problem_completed worker=0 problem=6/32
phase=audit_problem_begin problem=1/1 problem_id=248c2eeb-cc07-482e-9231-58cf442b7c93 n_bundles=0
phase=audit_prefix_done problem=1/1 t=1024 path=0 n_bundles=1
phase=audit_prefix_done problem=1/1 t=1024 path=1 n_bundles=2
phase=audit_prefix_done problem=1/1 t=2048 path=0 n_bundles=3
phase=audit_prefix_done problem=1/1 t=2048 path=1 n_bundles=4
phase=problem_completed worker=0 problem=7/32
phase=audit_problem_begin problem=1/1 problem_id=0ae83368-3a58-4faa-9ab6-91e989ac15e9 n_bundles=0
phase=audit_prefix_done problem=1/1 t=1024 path=0 n_bundles=1
phase=audit_prefix_done problem=1/1 t=1024 path=1 n_bundles=2
phase=audit_prefix_done problem=1/1 t=2048 path=0 n_bundles=3
phase=audit_prefix_done problem=1/1 t=2048 path=1 n_bundles=4
phase=problem_completed worker=0 problem=8/32
phase=audit_problem_begin problem=1/1 problem_id=34e6dee2-4e04-40c5-b334-ad1d42631c17 n_bundles=0
phase=audit_prefix_done problem=1/1 t=1024 path=0 n_bundles=1
phase=audit_prefix_done problem=1/1 t=1024 path=1 n_bundles=2
phase=audit_prefix_done problem=1/1 t=2048 path=0 n_bundles=3
phase=audit_prefix_done problem=1/1 t=2048 path=1 n_bundles=4
phase=problem_completed worker=0 problem=9/32
phase=audit_problem_begin problem=1/1 problem_id=6fe5bcfc-af5a-42d7-80c9-bcae028c835f n_bundles=0
phase=audit_prefix_done problem=1/1 t=1024 path=0 n_bundles=1
phase=audit_prefix_done problem=1/1 t=1024 path=1 n_bundles=2
phase=audit_prefix_done problem=1/1 t=2048 path=0 n_bundles=3
phase=audit_prefix_done problem=1/1 t=2048 path=1 n_bundles=4
phase=problem_completed worker=0 problem=10/32
phase=audit_problem_begin problem=1/1 problem_id=55d21e01-08c9-4d43-b828-c0c670e4710c n_bundles=0
phase=audit_prefix_done problem=1/1 t=1024 path=0 n_bundles=1
phase=audit_prefix_done problem=1/1 t=1024 path=1 n_bundles=2
phase=audit_prefix_done problem=1/1 t=2048 path=0 n_bundles=3
phase=audit_prefix_done problem=1/1 t=2048 path=1 n_bundles=4
phase=problem_completed worker=0 problem=11/32
phase=audit_problem_begin problem=1/1 problem_id=b426d104-244d-4831-a2c4-cd756b61700a n_bundles=0
phase=audit_prefix_done problem=1/1 t=1024 path=0 n_bundles=1
phase=audit_prefix_done problem=1/1 t=1024 path=1 n_bundles=2
phase=audit_prefix_done problem=1/1 t=2048 path=0 n_bundles=3
phase=audit_prefix_done problem=1/1 t=2048 path=1 n_bundles=4
phase=problem_completed worker=0 problem=12/32
phase=audit_problem_begin problem=1/1 problem_id=485b39f5-e71b-42b3-931f-219becbee2a3 n_bundles=0
phase=audit_prefix_done problem=1/1 t=1024 path=0 n_bundles=1
phase=audit_prefix_done problem=1/1 t=1024 path=1 n_bundles=2
phase=audit_prefix_done problem=1/1 t=2048 path=0 n_bundles=3
phase=audit_prefix_done problem=1/1 t=2048 path=1 n_bundles=4
phase=problem_completed worker=0 problem=13/32
phase=audit_problem_begin problem=1/1 problem_id=29f6a98f-0730-48f6-b637-2e902c24d9bd n_bundles=0
phase=audit_prefix_done problem=1/1 t=1024 path=0 n_bundles=1
phase=audit_prefix_done problem=1/1 t=1024 path=1 n_bundles=2
phase=audit_prefix_done problem=1/1 t=2048 path=0 n_bundles=3
phase=audit_prefix_done problem=1/1 t=2048 path=1 n_bundles=4
phase=problem_completed worker=0 problem=14/32
phase=audit_problem_begin problem=1/1 problem_id=bcdfd731-b3bb-4f5a-b775-a97e88c908b6 n_bundles=0
phase=audit_prefix_done problem=1/1 t=1024 path=0 n_bundles=1
phase=audit_prefix_done problem=1/1 t=1024 path=1 n_bundles=2
phase=audit_prefix_done problem=1/1 t=2048 path=0 n_bundles=3
phase=audit_prefix_done problem=1/1 t=2048 path=1 n_bundles=4
phase=problem_completed worker=0 problem=15/32
phase=audit_problem_begin problem=1/1 problem_id=06f17afd-4946-4188-8c5f-0d372bc3b07a n_bundles=0
phase=audit_prefix_done problem=1/1 t=1024 path=0 n_bundles=1
phase=audit_prefix_done problem=1/1 t=1024 path=1 n_bundles=2
phase=audit_prefix_done problem=1/1 t=2048 path=0 n_bundles=3
phase=audit_prefix_done problem=1/1 t=2048 path=1 n_bundles=4
phase=problem_completed worker=0 problem=16/32
phase=audit_problem_begin problem=1/1 problem_id=a2731ba7-b002-4c81-ab9c-9ca08675a19d n_bundles=0
phase=audit_prefix_done problem=1/1 t=1024 path=0 n_bundles=1
phase=audit_prefix_done problem=1/1 t=1024 path=1 n_bundles=2
phase=audit_prefix_done problem=1/1 t=2048 path=0 n_bundles=3
phase=audit_prefix_done problem=1/1 t=2048 path=1 n_bundles=4
phase=problem_completed worker=0 problem=17/32
phase=audit_problem_begin problem=1/1 problem_id=b7119f82-4161-4e79-8194-93596b4f2fa3 n_bundles=0
phase=audit_prefix_done problem=1/1 t=1024 path=0 n_bundles=1
phase=audit_prefix_done problem=1/1 t=1024 path=1 n_bundles=2
phase=audit_prefix_done problem=1/1 t=2048 path=0 n_bundles=3
phase=audit_prefix_done problem=1/1 t=2048 path=1 n_bundles=4
phase=problem_completed worker=0 problem=18/32
phase=audit_problem_begin problem=1/1 problem_id=5d21ea89-7190-4dc8-b6c2-540ec349219b n_bundles=0
phase=audit_prefix_done problem=1/1 t=1024 path=0 n_bundles=1
phase=audit_prefix_done problem=1/1 t=1024 path=1 n_bundles=2
phase=audit_prefix_done problem=1/1 t=2048 path=0 n_bundles=3
phase=audit_prefix_done problem=1/1 t=2048 path=1 n_bundles=4
phase=problem_completed worker=0 problem=19/32
phase=audit_problem_begin problem=1/1 problem_id=983e41c8-805d-4669-9be6-11c1d5938192 n_bundles=0
phase=audit_prefix_done problem=1/1 t=1024 path=0 n_bundles=1
phase=audit_prefix_done problem=1/1 t=1024 path=1 n_bundles=2
phase=audit_prefix_done problem=1/1 t=2048 path=0 n_bundles=3
phase=audit_prefix_done problem=1/1 t=2048 path=1 n_bundles=4
phase=problem_completed worker=0 problem=20/32
phase=audit_problem_begin problem=1/1 problem_id=374f27cd-2f00-43cd-ab54-d114f4712ce1 n_bundles=0
phase=audit_prefix_done problem=1/1 t=1024 path=0 n_bundles=1
phase=audit_prefix_done problem=1/1 t=1024 path=1 n_bundles=2
phase=audit_prefix_done problem=1/1 t=2048 path=0 n_bundles=3
phase=audit_prefix_done problem=1/1 t=2048 path=1 n_bundles=4
phase=problem_completed worker=0 problem=21/32
phase=audit_problem_begin problem=1/1 problem_id=bf2cddfc-c4c0-4067-b320-3bb506875cf5 n_bundles=0
phase=audit_prefix_done problem=1/1 t=1024 path=0 n_bundles=1
phase=audit_prefix_done problem=1/1 t=1024 path=1 n_bundles=2
phase=audit_prefix_done problem=1/1 t=2048 path=0 n_bundles=3
phase=audit_prefix_done problem=1/1 t=2048 path=1 n_bundles=4
phase=problem_completed worker=0 problem=22/32
phase=audit_problem_begin problem=1/1 problem_id=6ff0b17f-7e5c-4ae9-b5e9-63ebecd2b9f7 n_bundles=0
phase=audit_prefix_done problem=1/1 t=1024 path=0 n_bundles=1
phase=audit_prefix_done problem=1/1 t=1024 path=1 n_bundles=2
phase=audit_prefix_done problem=1/1 t=2048 path=0 n_bundles=3
phase=audit_prefix_done problem=1/1 t=2048 path=1 n_bundles=4
phase=problem_completed worker=0 problem=23/32
phase=audit_problem_begin problem=1/1 problem_id=96bd487f-c324-41b4-8015-f8234fe31bb4 n_bundles=0
phase=audit_prefix_done problem=1/1 t=1024 path=0 n_bundles=1
phase=audit_prefix_done problem=1/1 t=1024 path=1 n_bundles=2
phase=audit_prefix_done problem=1/1 t=2048 path=0 n_bundles=3
phase=audit_prefix_done problem=1/1 t=2048 path=1 n_bundles=4
phase=problem_completed worker=0 problem=24/32
phase=audit_problem_begin problem=1/1 problem_id=4c4f3cb8-c7ae-4f8e-b9eb-d2fcfc2dd442 n_bundles=0
phase=audit_prefix_done problem=1/1 t=1024 path=0 n_bundles=1
phase=audit_prefix_done problem=1/1 t=1024 path=1 n_bundles=2
phase=audit_prefix_done problem=1/1 t=2048 path=0 n_bundles=3
phase=audit_prefix_done problem=1/1 t=2048 path=1 n_bundles=4
phase=problem_completed worker=0 problem=25/32
phase=audit_problem_begin problem=1/1 problem_id=1d394a55-3ba5-40cd-90df-0eedf9a91e3b n_bundles=0
phase=audit_prefix_done problem=1/1 t=1024 path=0 n_bundles=1
phase=audit_prefix_done problem=1/1 t=1024 path=1 n_bundles=2
phase=audit_prefix_done problem=1/1 t=2048 path=0 n_bundles=3
phase=audit_prefix_done problem=1/1 t=2048 path=1 n_bundles=4
phase=problem_completed worker=0 problem=26/32
phase=audit_problem_begin problem=1/1 problem_id=d3db6787-eeb1-4abf-8cdd-d26b37114c68 n_bundles=0
phase=audit_prefix_done problem=1/1 t=1024 path=0 n_bundles=1
phase=audit_prefix_done problem=1/1 t=1024 path=1 n_bundles=2
phase=audit_prefix_done problem=1/1 t=2048 path=0 n_bundles=3
phase=audit_prefix_done problem=1/1 t=2048 path=1 n_bundles=4
phase=problem_completed worker=0 problem=27/32
phase=audit_problem_begin problem=1/1 problem_id=ad6027e0-ad02-4d3f-8d6e-a69d711c44dc n_bundles=0
phase=audit_prefix_done problem=1/1 t=1024 path=0 n_bundles=1
phase=audit_prefix_done problem=1/1 t=1024 path=1 n_bundles=2
phase=audit_prefix_done problem=1/1 t=2048 path=0 n_bundles=3
phase=audit_prefix_done problem=1/1 t=2048 path=1 n_bundles=4
phase=problem_completed worker=0 problem=28/32
phase=audit_problem_begin problem=1/1 problem_id=0e3e66e1-4eba-4aeb-b480-c1a2fea08d0f n_bundles=0
phase=audit_prefix_done problem=1/1 t=1024 path=0 n_bundles=1
phase=audit_prefix_done problem=1/1 t=1024 path=1 n_bundles=2
phase=audit_prefix_done problem=1/1 t=2048 path=0 n_bundles=3
phase=audit_prefix_done problem=1/1 t=2048 path=1 n_bundles=4
phase=problem_completed worker=0 problem=29/32
phase=audit_problem_begin problem=1/1 problem_id=c37bdb6f-39ba-48c8-896f-e4e1760bd040 n_bundles=0
phase=audit_prefix_done problem=1/1 t=1024 path=0 n_bundles=1
phase=audit_prefix_done problem=1/1 t=1024 path=1 n_bundles=2
phase=audit_prefix_done problem=1/1 t=2048 path=0 n_bundles=3
phase=audit_prefix_done problem=1/1 t=2048 path=1 n_bundles=4
phase=problem_completed worker=0 problem=30/32
phase=audit_problem_begin problem=1/1 problem_id=e4b51fc2-4672-4b39-bcbb-85270800a0e7 n_bundles=0
phase=audit_prefix_done problem=1/1 t=1024 path=0 n_bundles=1
phase=audit_prefix_done problem=1/1 t=1024 path=1 n_bundles=2
phase=audit_prefix_done problem=1/1 t=2048 path=0 n_bundles=3
phase=audit_prefix_done problem=1/1 t=2048 path=1 n_bundles=4
phase=problem_completed worker=0 problem=31/32
phase=audit_problem_begin problem=1/1 problem_id=879b93ad-c7f5-4795-bc0a-3e9fe3c57566 n_bundles=0
phase=audit_prefix_done problem=1/1 t=1024 path=0 n_bundles=1
phase=audit_prefix_done problem=1/1 t=1024 path=1 n_bundles=2
phase=audit_prefix_done problem=1/1 t=2048 path=0 n_bundles=3
phase=audit_prefix_done problem=1/1 t=2048 path=1 n_bundles=4
phase=problem_completed worker=0 problem=32/32
