Loading checkpoint shards:   0%|          | 0/3 [00:00<?, ?it/s]Loading checkpoint shards: 100%|██████████| 3/3 [00:00<00:00, 82.38it/s]
replay=1/64 problem=afef2ec2-1a46-4b8e-a14f-15042510b380
replay=2/64 problem=92972b8b-242c-43c9-aca7-5b02d9836ff2
replay=3/64 problem=5f46b780-ce74-41a0-80aa-c17a1c6aa224
replay=4/64 problem=683eb3b3-d18f-4c69-b413-0cc00ba404a3
replay=5/64 problem=c650d1a5-44a0-407d-9fb8-3e86d1592eaf
replay=6/64 problem=2e713078-f7b9-4198-957d-fcf8639ebeaa
replay=7/64 problem=6830f723-26a6-424a-bcd7-de548b224549
replay=8/64 problem=621aa25b-db96-4488-b799-cfc812e325df
replay=9/64 problem=9af3b479-f8c9-48fd-9aae-02282891d5f4
replay=10/64 problem=c97bb56e-bd74-4e7a-bde4-90bf839385cd
replay=11/64 problem=cda05a50-24a0-4fb2-aaca-e581d5bb158c
replay=12/64 problem=d3bd9e80-7ca6-4630-8d31-3e9d0460e74e
replay=13/64 problem=a00d95da-ed53-4885-b162-9268b2817515
replay=14/64 problem=c6b0336f-edaf-4b2a-bd8a-27ee6ee66466
replay=15/64 problem=d6269476-77aa-4ef4-b265-99bc38e50354
replay=16/64 problem=a2d7437b-2311-48a0-9690-75fcbeaf877d
replay=17/64 problem=83eba587-0b12-4fc3-bd19-4b187d1f980c
replay=18/64 problem=7fb886ad-cddc-4383-af44-003013fbecbb
replay=19/64 problem=b6f68b00-8824-41b1-80ea-7986f933a2ae
replay=20/64 problem=cdaff5b5-1e33-41a8-bd1e-626741f4f9a0
replay=21/64 problem=e12f3531-7950-4774-ac0a-b9d9a0b5f25a
replay=22/64 problem=4d60cde3-858a-43a0-9b39-ab0bf1d4496a
replay=23/64 problem=ca52ec36-0e4c-4395-957d-b78d0ded5542
replay=24/64 problem=37cacea6-207f-49f0-85b7-ada82dff1d08
replay=25/64 problem=31bb00d8-8877-49f9-a16e-d99cf9b0df5b
replay=26/64 problem=c13739b1-8f34-4229-9a79-3bac2474669d
replay=27/64 problem=2923998b-d37a-4588-a546-45c2466b948e
replay=28/64 problem=a3ce59dd-1f4e-477d-8d00-0a654e2822fd
replay=29/64 problem=6151a079-60c9-4cd1-9a3c-c7ecd4373043
replay=30/64 problem=d9c0dea6-7cfa-4ad7-8bd7-6a50e7fa1d66
replay=31/64 problem=4edacef5-f57b-4ccb-93f1-b6a7bf82145d
replay=32/64 problem=9da5cdd9-0db6-41ed-b3a4-d5db629a6b71
replay=33/64 problem=40459e13-f7c0-4189-aea7-8c682f9b81f7
replay=34/64 problem=49cbb8de-938e-4f4f-862d-c57aeb642097
replay=35/64 problem=6031ff03-be62-4935-8944-d69c907b7de6
replay=36/64 problem=1d8d1200-3b68-4679-b272-3616a40a14df
replay=37/64 problem=97c43a1d-206e-40ce-8cc6-3ca0083850b3
replay=38/64 problem=c58c5254-bd76-49f7-bf0b-d0360f9e2dff
replay=39/64 problem=03e4afe5-86ea-4788-a6da-745dbbba38c0
replay=40/64 problem=b0e13737-4704-4a06-a473-5c4b0ddbaa37
replay=41/64 problem=7e450206-df41-4ef1-9900-d3788556d75a
replay=42/64 problem=87ddab5f-d5ab-4df1-89dc-6bbd4e8388e1
replay=43/64 problem=3b016979-39dd-412b-b23a-62af3567f475
replay=44/64 problem=76a85506-5b78-4b80-9305-f1df7006da86
replay=45/64 problem=cf6d8404-e977-487e-bd00-4b1a19c11e55
replay=46/64 problem=f5b45b45-bc20-4f0e-82cc-1d48a95028dc
replay=47/64 problem=81e04bc7-fbc2-4eb4-999d-d2b57ba49c0f
replay=48/64 problem=d85d0840-f3fa-4d8a-8f30-76f485f247f2
replay=49/64 problem=ef8ef2d7-de80-4e45-8eed-73c7e387a1ee
replay=50/64 problem=9222fdd1-0b14-4758-843c-342c132c9900
replay=51/64 problem=7ea7cfc6-cf64-4bef-922c-cdc9f2f9fb0e
replay=52/64 problem=fe6e6047-7b4b-4048-a5b8-eb43ef24bc25
replay=53/64 problem=00ed6eef-afb2-477e-a128-e078111aaaa8
replay=54/64 problem=8f2c8eed-c5cc-4532-9e76-62b8ac1fffc2
replay=55/64 problem=53a75f96-0a67-4559-aa00-f4b1aef200d2
replay=56/64 problem=c437444f-18c6-4fd9-8a1a-6786a9635959
replay=57/64 problem=a89167a2-71a0-4e80-a4a9-446ee5ac0ac2
replay=58/64 problem=908f57b2-c39e-48ec-a8e0-6830f8c38bb7
replay=59/64 problem=2a2b1d63-c081-4f64-9312-8e49dd28a51f
replay=60/64 problem=903075ef-d81e-48da-9690-1ec062cd18fb
replay=61/64 problem=55f34c5d-6f14-41d7-af2c-c2433eafc3a6
replay=62/64 problem=146a3264-1711-4af7-9f1e-b14029004841
replay=63/64 problem=004ef53e-5e04-4e07-9a1c-3cd49a9200b1
replay=64/64 problem=4cdca2e2-3bc9-404c-b2cb-726c89c22066
{"n_prefixes": 64, "n_problems": 64, "input_prefixes": 64, "finished_input_prefixes": 0, "dimension": 5898240, "n_continuations": 512, "wall_seconds": 253.33080891007558, "directional_values": null, "note": "exact frozen-actor ascent gradients; prefix means stored in FP64", "run_dir": "/SSD/00/wja/GRACE/runs/directional-pr9-945e0f1-retry4/reference-check-replay"}
