Loading checkpoint shards:   0%|          | 0/3 [00:00<?, ?it/s]Loading checkpoint shards: 100%|██████████| 3/3 [00:00<00:00, 82.61it/s]
replay=1/125 problem=a9def5d6-bef6-461f-9d03-e687d64a60d6
replay=2/125 problem=bb631369-a7a1-4fa6-b060-78f2b226c23d
replay=3/125 problem=f399477f-55ff-4801-9232-98464b12577e
replay=4/125 problem=476716ae-a874-45b2-8af7-dc2c7459a4a4
replay=5/125 problem=476716ae-a874-45b2-8af7-dc2c7459a4a4
replay=6/125 problem=0540b0f1-64a5-405f-b747-52f34fb4ad27
replay=7/125 problem=34c6aee1-b6c3-47f9-a563-1f19d0f01cd8
replay=8/125 problem=1b5f4642-ea10-44c3-991b-143d0fd14450
replay=9/125 problem=1b5f4642-ea10-44c3-991b-143d0fd14450
replay=10/125 problem=7b8cec4e-9583-4b25-9e72-26ccad2f1091
replay=11/125 problem=7671e17d-57ae-4194-8bd5-4c7d83f1fa3a
replay=12/125 problem=7671e17d-57ae-4194-8bd5-4c7d83f1fa3a
replay=13/125 problem=19b02f3f-fed8-49d8-b4a8-c25ddc9d836c
replay=14/125 problem=19b02f3f-fed8-49d8-b4a8-c25ddc9d836c
replay=15/125 problem=b7773457-fe92-4ffe-a94e-857f65c21ede
replay=16/125 problem=b7773457-fe92-4ffe-a94e-857f65c21ede
replay=17/125 problem=2342df75-7478-4d36-ab22-18946e8d261e
replay=18/125 problem=769b8648-0af5-4dbf-b82b-7a9e8e52b06b
replay=19/125 problem=769b8648-0af5-4dbf-b82b-7a9e8e52b06b
replay=20/125 problem=6da9c333-52f6-4e29-b766-05e60e627a57
replay=21/125 problem=6da9c333-52f6-4e29-b766-05e60e627a57
replay=22/125 problem=84016ccc-2145-44a1-91d6-bb76f09764cc
replay=23/125 problem=84016ccc-2145-44a1-91d6-bb76f09764cc
replay=24/125 problem=99e31a56-26b6-4bdb-89d0-09882eb94c45
replay=25/125 problem=99e31a56-26b6-4bdb-89d0-09882eb94c45
replay=26/125 problem=f15ec1b1-42c4-447f-9360-f07e483e0409
replay=27/125 problem=f15ec1b1-42c4-447f-9360-f07e483e0409
replay=28/125 problem=8268468a-b6b2-4df2-9d56-e1a020f6dfe7
replay=29/125 problem=8268468a-b6b2-4df2-9d56-e1a020f6dfe7
replay=30/125 problem=d731ae4b-45f2-492a-8058-3dbda3e06f4a
replay=31/125 problem=d731ae4b-45f2-492a-8058-3dbda3e06f4a
replay=32/125 problem=c45c978d-2bb8-41a0-a624-10cb0ca9eb7a
replay=33/125 problem=c943c99b-d19e-40e0-ac5b-5c1dc46bc995
replay=34/125 problem=c943c99b-d19e-40e0-ac5b-5c1dc46bc995
replay=35/125 problem=b5ead702-7bd4-4e00-a72a-d305ac591892
replay=36/125 problem=b5ead702-7bd4-4e00-a72a-d305ac591892
replay=37/125 problem=208c62ec-e721-443d-a2c3-a117bab13aa0
replay=38/125 problem=f5b4cc11-1ceb-43e9-8bc5-ab84dd76157a
replay=39/125 problem=f5b4cc11-1ceb-43e9-8bc5-ab84dd76157a
replay=40/125 problem=aa75364f-fcde-4d0a-80aa-fff075854f8c
replay=41/125 problem=aa75364f-fcde-4d0a-80aa-fff075854f8c
replay=42/125 problem=6f32232d-bebe-4fa3-9dfc-e1129d1debae
replay=43/125 problem=6f32232d-bebe-4fa3-9dfc-e1129d1debae
replay=44/125 problem=1efb743e-948d-498b-9495-29cefb9cd482
replay=45/125 problem=be830149-294d-42df-a71a-d6852473d198
replay=46/125 problem=be830149-294d-42df-a71a-d6852473d198
replay=47/125 problem=c7ca6ebe-77b9-4f08-8dd4-24bd75d8bee4
replay=48/125 problem=c7ca6ebe-77b9-4f08-8dd4-24bd75d8bee4
replay=49/125 problem=832e3045-1b57-4698-aee1-d2707ca4a327
replay=50/125 problem=832e3045-1b57-4698-aee1-d2707ca4a327
replay=51/125 problem=cc3a8e5e-a558-4d22-b791-82869df20c1f
replay=52/125 problem=2d64afea-0fa4-44cb-b5d9-0fda6fe9df41
replay=53/125 problem=2d64afea-0fa4-44cb-b5d9-0fda6fe9df41
replay=54/125 problem=f65ed4c2-b5a3-42d1-b137-b07f0972c84a
replay=55/125 problem=f65ed4c2-b5a3-42d1-b137-b07f0972c84a
replay=56/125 problem=ecfc384e-7887-439d-be55-958f23e02987
replay=57/125 problem=ecfc384e-7887-439d-be55-958f23e02987
replay=58/125 problem=5d21ea89-7190-4dc8-b6c2-540ec349219b
replay=59/125 problem=5d21ea89-7190-4dc8-b6c2-540ec349219b
replay=60/125 problem=1dc3ed91-17cf-4c8a-be97-756b4b493bbd
replay=61/125 problem=1dc3ed91-17cf-4c8a-be97-756b4b493bbd
replay=62/125 problem=938a0114-ebd7-4dd1-99f1-3056d4808d49
replay=63/125 problem=0c10f964-ca0f-40d9-a12f-cd104b35a290
replay=64/125 problem=0c10f964-ca0f-40d9-a12f-cd104b35a290
replay=65/125 problem=89c3c6f0-d7f7-4381-b0e6-075c1c8f7906
replay=66/125 problem=357ed618-1aaa-4685-9105-8d8e44a4578d
replay=67/125 problem=357ed618-1aaa-4685-9105-8d8e44a4578d
replay=68/125 problem=eafc01ad-ccec-466f-ab2b-cb39d538f3db
replay=69/125 problem=eafc01ad-ccec-466f-ab2b-cb39d538f3db
replay=70/125 problem=c144fddb-bbb9-4eef-a193-a16af39d32a8
replay=71/125 problem=5e1218b2-7aae-4050-bea1-2cec3735fe7b
replay=72/125 problem=5e1218b2-7aae-4050-bea1-2cec3735fe7b
replay=73/125 problem=e8c44c00-f194-44ed-bd04-623fd9d61e45
replay=74/125 problem=e8c44c00-f194-44ed-bd04-623fd9d61e45
replay=75/125 problem=71ece1c7-67ab-4932-8078-338d7d1ed7ce
replay=76/125 problem=fe0baaa6-9fe1-4df6-b185-babfd07017f0
replay=77/125 problem=fe0baaa6-9fe1-4df6-b185-babfd07017f0
replay=78/125 problem=6f411433-90bf-4a23-a9f0-f547d73e4f9d
replay=79/125 problem=6f411433-90bf-4a23-a9f0-f547d73e4f9d
replay=80/125 problem=e253dd34-1765-4f5a-8f8b-4df566978064
replay=81/125 problem=e253dd34-1765-4f5a-8f8b-4df566978064
replay=82/125 problem=65ca41de-a7cb-47c5-97fd-fa1d7aa9096a
replay=83/125 problem=384e85d2-ea77-4cf6-bbea-22701800c6c4
replay=84/125 problem=384e85d2-ea77-4cf6-bbea-22701800c6c4
replay=85/125 problem=6c2e988d-7f11-4536-bac8-fd781c21eae1
replay=86/125 problem=fa90c7d1-1cc6-49a0-8c8b-13ddd50ab12f
replay=87/125 problem=fa90c7d1-1cc6-49a0-8c8b-13ddd50ab12f
replay=88/125 problem=8bf372f7-b87d-401c-9757-5016dc5c8fc5
replay=89/125 problem=8bf372f7-b87d-401c-9757-5016dc5c8fc5
replay=90/125 problem=df123b2c-373f-4ed2-8955-e016bb9804ba
replay=91/125 problem=df123b2c-373f-4ed2-8955-e016bb9804ba
replay=92/125 problem=e4857c22-dcd7-4c3b-b406-bc7a4bb30368
replay=93/125 problem=8e23387c-ee16-4d68-ae84-abdea54060b1
replay=94/125 problem=110c4235-cd1d-4a71-b7d6-ba4fc4d1f8de
replay=95/125 problem=110c4235-cd1d-4a71-b7d6-ba4fc4d1f8de
replay=96/125 problem=4c08396d-f7bd-46f3-a504-9ebf558568cd
replay=97/125 problem=4c08396d-f7bd-46f3-a504-9ebf558568cd
replay=98/125 problem=739be673-f088-4feb-8db4-bd2286ac8203
replay=99/125 problem=739be673-f088-4feb-8db4-bd2286ac8203
replay=100/125 problem=5afcfc8e-bb33-4524-aeb5-2f9fa18afc2e
replay=101/125 problem=d27c9bac-6b54-4d19-9d8b-1b7d7d713a11
replay=102/125 problem=5f7ebb21-c56e-4849-bd70-cb5ad5780c45
replay=103/125 problem=76b6914d-2b6f-44e7-80a0-c50c4b0784fe
replay=104/125 problem=76b6914d-2b6f-44e7-80a0-c50c4b0784fe
replay=105/125 problem=6a69a2de-d714-485f-8f31-7e3a599fac21
replay=106/125 problem=6a69a2de-d714-485f-8f31-7e3a599fac21
replay=107/125 problem=dac883af-7bb5-4f23-b9eb-b628633f4605
replay=108/125 problem=dac883af-7bb5-4f23-b9eb-b628633f4605
replay=109/125 problem=fbfc2f27-8e36-4535-a6fd-20822c50ab81
replay=110/125 problem=fbfc2f27-8e36-4535-a6fd-20822c50ab81
replay=111/125 problem=73bc6c5e-3bfa-4ca3-85a9-bcbcf4fe6ca2
replay=112/125 problem=73bc6c5e-3bfa-4ca3-85a9-bcbcf4fe6ca2
replay=113/125 problem=c81b332f-be0f-47a2-9759-597d6e7ed7e0
replay=114/125 problem=cb72c3f4-0eca-47b0-9761-787d36721cc0
replay=115/125 problem=cb72c3f4-0eca-47b0-9761-787d36721cc0
replay=116/125 problem=2cde7f4d-92e2-4530-9bd5-8abb24d5bd94
replay=117/125 problem=4adf92ad-f9f0-49d0-968c-575988345003
replay=118/125 problem=4adf92ad-f9f0-49d0-968c-575988345003
replay=119/125 problem=0ba04ed5-8af6-42b3-9d59-d4fab41ef124
replay=120/125 problem=0ba04ed5-8af6-42b3-9d59-d4fab41ef124
replay=121/125 problem=27f3492b-af8e-4662-9f45-c2cc37527ab8
replay=122/125 problem=27f3492b-af8e-4662-9f45-c2cc37527ab8
replay=123/125 problem=ba165057-0239-4b18-bce5-e8f52d88eae8
replay=124/125 problem=e2f421da-d2c8-46a1-bdae-b73254855479
replay=125/125 problem=e2f421da-d2c8-46a1-bdae-b73254855479
{"n_prefixes": 125, "n_problems": 75, "input_prefixes": 125, "finished_input_prefixes": 0, "answer_emitted_input_prefixes": 0, "excluded_prefixes": 0, "answer_emitted_unknown_prefixes": 0, "selection": "exclude finished or answer_emitted; unknown answer status retained and counted", "gradient_label": "G=(reward-baseline)*grad log p(full_response|original_prompt)", "dimension": 5898240, "n_continuations": 2000, "wall_seconds": 830.1409310707822, "max_norm_relative_error": 0.0, "max_sketch_relative_error": 0.0, "half_means": true, "trajectory_decomposition": true, "trajectory_files": {"prefix_score_gradients": "prefix_score_gradients.npy", "half_mean_full_grads_a": "half_mean_full_grads_a.npy", "half_mean_full_grads_b": "half_mean_full_grads_b.npy", "half_mean_full_norm_sq_a": "half_mean_full_norm_sq_a.npy", "half_mean_full_norm_sq_b": "half_mean_full_norm_sq_b.npy", "half_full_metric_norm_sq_a": "half_full_metric_norm_sq_a.npy", "half_full_metric_norm_sq_b": "half_full_metric_norm_sq_b.npy"}, "metric_name": "euclidean", "metric_weights_sha256": "596ebc77c27e88ebf6449d6923d4dbbe7d12d50e77d29abd1ba9385fe294e7c6", "directional_values": null, "note": "exact frozen-actor ascent gradients; prefix means stored in FP64", "run_dir": "/SSD/00/wja/grace-pr12-20260928/replays/shard-1"}
