Loading checkpoint shards:   0%|          | 0/3 [00:00<?, ?it/s]Loading checkpoint shards: 100%|██████████| 3/3 [00:00<00:00, 83.18it/s]
replay=1/125 problem=f4b6437d-4f58-49af-858e-5d67e77f980c
replay=2/125 problem=f4b6437d-4f58-49af-858e-5d67e77f980c
replay=3/125 problem=34212085-a68a-4af2-b2b0-2a1835d3f9a3
replay=4/125 problem=8ec5b0fa-b743-4cac-89f2-b77655e3b9d9
replay=5/125 problem=8ec5b0fa-b743-4cac-89f2-b77655e3b9d9
replay=6/125 problem=a7db5043-6f23-4493-b3f6-890c61670bd6
replay=7/125 problem=ba8e8430-5336-41cb-9894-58b0497ae0a3
replay=8/125 problem=ba8e8430-5336-41cb-9894-58b0497ae0a3
replay=9/125 problem=590bf669-fc0e-4cb3-9392-b3a03a053f2d
replay=10/125 problem=590bf669-fc0e-4cb3-9392-b3a03a053f2d
replay=11/125 problem=33b07191-12e8-47bf-8017-668f4dc9b275
replay=12/125 problem=33b07191-12e8-47bf-8017-668f4dc9b275
replay=13/125 problem=b5eea887-271a-4c34-b9b9-c970ac1a9915
replay=14/125 problem=b5eea887-271a-4c34-b9b9-c970ac1a9915
replay=15/125 problem=cd68b21f-1d2c-424d-b6b3-72ecdf7faf57
replay=16/125 problem=cd68b21f-1d2c-424d-b6b3-72ecdf7faf57
replay=17/125 problem=69142055-e8d3-4506-ae3b-ec632d9a1c7a
replay=18/125 problem=69142055-e8d3-4506-ae3b-ec632d9a1c7a
replay=19/125 problem=c1525087-bfe3-4add-adc9-5cf55318f12b
replay=20/125 problem=c1525087-bfe3-4add-adc9-5cf55318f12b
replay=21/125 problem=c0920ae8-a7dc-49d8-a853-b3f13ca2b6ee
replay=22/125 problem=c0920ae8-a7dc-49d8-a853-b3f13ca2b6ee
replay=23/125 problem=94a66366-e8db-4541-a175-21193e0be14d
replay=24/125 problem=94a66366-e8db-4541-a175-21193e0be14d
replay=25/125 problem=c958796c-bcbc-4d06-bfee-875fb01332d2
replay=26/125 problem=fb53e76b-ad17-484f-b13e-d9231aae6803
replay=27/125 problem=fb53e76b-ad17-484f-b13e-d9231aae6803
replay=28/125 problem=e80fe46b-492d-4e94-b00c-8aa3e25f64a0
replay=29/125 problem=6d7e21a5-d81a-4a98-9f13-909b9aac28b0
replay=30/125 problem=6d7e21a5-d81a-4a98-9f13-909b9aac28b0
replay=31/125 problem=e62793ce-ec83-40c0-b915-742e3b477cd4
replay=32/125 problem=30bdd4f3-c482-4ab1-88dd-c40e99166ed3
replay=33/125 problem=30bdd4f3-c482-4ab1-88dd-c40e99166ed3
replay=34/125 problem=de2b78c8-f65d-403f-b06f-2db734a010c3
replay=35/125 problem=9a1fa61a-dbb4-4676-bc35-1003c44ef973
replay=36/125 problem=9a1fa61a-dbb4-4676-bc35-1003c44ef973
replay=37/125 problem=050d4cd0-3b7f-4afa-845c-0585ed7c0d98
replay=38/125 problem=050d4cd0-3b7f-4afa-845c-0585ed7c0d98
replay=39/125 problem=b5917ecc-675e-407a-9f26-c913f066385f
replay=40/125 problem=b5917ecc-675e-407a-9f26-c913f066385f
replay=41/125 problem=460ab09a-0128-470b-b720-83727efa5c69
replay=42/125 problem=460ab09a-0128-470b-b720-83727efa5c69
replay=43/125 problem=101db56d-a6bf-4bd0-aa19-f520ba80e31e
replay=44/125 problem=101db56d-a6bf-4bd0-aa19-f520ba80e31e
replay=45/125 problem=155382bb-298c-49c0-8eca-6fdf2a6a4cc1
replay=46/125 problem=155382bb-298c-49c0-8eca-6fdf2a6a4cc1
replay=47/125 problem=4859a3b1-2998-4070-add1-29e905ee0a28
replay=48/125 problem=4859a3b1-2998-4070-add1-29e905ee0a28
replay=49/125 problem=faeec1ec-5f5a-4023-bf3f-6eec78a8ec85
replay=50/125 problem=faeec1ec-5f5a-4023-bf3f-6eec78a8ec85
replay=51/125 problem=6c441912-b35f-4158-b5d0-c7ac7d6470c6
replay=52/125 problem=6c441912-b35f-4158-b5d0-c7ac7d6470c6
replay=53/125 problem=89511d36-6fd2-4960-bfd9-4631f9127e65
replay=54/125 problem=89511d36-6fd2-4960-bfd9-4631f9127e65
replay=55/125 problem=d59c802c-72cd-4855-b49d-d164e39c5015
replay=56/125 problem=f408cd19-2564-426b-bf38-ac719224bf14
replay=57/125 problem=e45ffdc6-ced3-447e-b971-a2f5dfd277b4
replay=58/125 problem=3935f7ba-e09c-4018-9183-b3938936ea09
replay=59/125 problem=faff4537-f93c-4d92-a501-b814af5957d2
replay=60/125 problem=faff4537-f93c-4d92-a501-b814af5957d2
replay=61/125 problem=e440553b-1f00-43aa-8431-a7a4cd99b19e
replay=62/125 problem=e440553b-1f00-43aa-8431-a7a4cd99b19e
replay=63/125 problem=75f18e07-033a-4434-bd5f-e1fe955cb9fa
replay=64/125 problem=75f18e07-033a-4434-bd5f-e1fe955cb9fa
replay=65/125 problem=571af440-ad42-4da0-8be3-56376aed1006
replay=66/125 problem=571af440-ad42-4da0-8be3-56376aed1006
replay=67/125 problem=73ef41bc-e9ea-4e1d-9b31-06c8e3785fea
replay=68/125 problem=a3c44e92-c7ed-4f7f-ac1c-abdcb0eddfcd
replay=69/125 problem=a3c44e92-c7ed-4f7f-ac1c-abdcb0eddfcd
replay=70/125 problem=a468cf87-74aa-40ec-bda8-69584353af3b
replay=71/125 problem=a468cf87-74aa-40ec-bda8-69584353af3b
replay=72/125 problem=e3c5f320-5604-49a8-8cfd-6f1e5611f1af
replay=73/125 problem=e3c5f320-5604-49a8-8cfd-6f1e5611f1af
replay=74/125 problem=f22c9aa4-1fa9-44dc-9a58-9e88c477ba8a
replay=75/125 problem=f22c9aa4-1fa9-44dc-9a58-9e88c477ba8a
replay=76/125 problem=8580e746-6fcc-4901-8563-4aade09090e1
replay=77/125 problem=8580e746-6fcc-4901-8563-4aade09090e1
replay=78/125 problem=c7858eb5-f707-4c71-9c60-27692db1fa05
replay=79/125 problem=fc6013b7-1476-4225-8521-ffbd8295bdcb
replay=80/125 problem=fc6013b7-1476-4225-8521-ffbd8295bdcb
replay=81/125 problem=938be778-f847-477b-af49-72655f1c1173
replay=82/125 problem=938be778-f847-477b-af49-72655f1c1173
replay=83/125 problem=90d99eb4-75aa-4495-8975-84e5ae1a8907
replay=84/125 problem=90d99eb4-75aa-4495-8975-84e5ae1a8907
replay=85/125 problem=07e856a6-1edb-44f2-afec-ba56295cc2e1
replay=86/125 problem=40119b55-ec2b-453e-81f2-0c4805749c90
replay=87/125 problem=b68c1d27-b97c-4316-bc99-601329fe4525
replay=88/125 problem=b68c1d27-b97c-4316-bc99-601329fe4525
replay=89/125 problem=5e360543-8c7c-40a6-880c-d8ffb0e80491
replay=90/125 problem=d8de3166-1377-4ff0-a17c-1b74479cfe2b
replay=91/125 problem=d8de3166-1377-4ff0-a17c-1b74479cfe2b
replay=92/125 problem=e59f9abb-d67a-42c2-ab33-4d0c2baba006
replay=93/125 problem=e59f9abb-d67a-42c2-ab33-4d0c2baba006
replay=94/125 problem=2aa1383a-c619-4420-93e6-bc8da6e3a32b
replay=95/125 problem=441b11f5-a9ab-4c57-8187-960767b911c3
replay=96/125 problem=7ab6f6ce-bc3d-433b-b96e-5a406b7dae7b
replay=97/125 problem=30271b4e-9dfd-40c6-b402-84c29e9d75d1
replay=98/125 problem=181430a1-90d5-4b7d-9435-708396ea2b66
replay=99/125 problem=181430a1-90d5-4b7d-9435-708396ea2b66
replay=100/125 problem=2d00daf0-e917-4d57-856f-a45ef5750870
replay=101/125 problem=bcdeeafc-1254-4802-96c1-b8a684a31614
replay=102/125 problem=bcdeeafc-1254-4802-96c1-b8a684a31614
replay=103/125 problem=2517c249-d9de-47de-b421-8bb6c001635d
replay=104/125 problem=0a905be8-ed8d-490b-88b9-02d9eba27602
replay=105/125 problem=0a905be8-ed8d-490b-88b9-02d9eba27602
replay=106/125 problem=bea116ad-0450-41dc-ac3d-de0dd06baa49
replay=107/125 problem=bea116ad-0450-41dc-ac3d-de0dd06baa49
replay=108/125 problem=a8fcb651-7f7f-4896-ab02-c91732f1c637
replay=109/125 problem=a8fcb651-7f7f-4896-ab02-c91732f1c637
replay=110/125 problem=8e9418ab-65f7-4a45-894d-1f15669a567a
replay=111/125 problem=21eb7339-50c8-4401-8f46-c1360869713f
replay=112/125 problem=21eb7339-50c8-4401-8f46-c1360869713f
replay=113/125 problem=ef4d9843-e72d-4dba-9b8b-68e88346e7e0
replay=114/125 problem=ef4d9843-e72d-4dba-9b8b-68e88346e7e0
replay=115/125 problem=55b73431-b0c6-41e2-8ac7-e80376a6bae5
replay=116/125 problem=55b73431-b0c6-41e2-8ac7-e80376a6bae5
replay=117/125 problem=7a05a514-d6ee-4ad3-8b75-fb48df87b44b
replay=118/125 problem=01614808-71a8-43d2-909e-f53fa3e79efe
replay=119/125 problem=01614808-71a8-43d2-909e-f53fa3e79efe
replay=120/125 problem=07af18f7-a32e-4a85-a1aa-464d5222607f
replay=121/125 problem=7693b48a-01b7-499b-9859-eea95fb56fdb
replay=122/125 problem=758bcb14-f97d-4323-b686-0e765a21a8fc
replay=123/125 problem=11849c02-eaab-49fe-a3f3-98b41d844c76
replay=124/125 problem=11849c02-eaab-49fe-a3f3-98b41d844c76
replay=125/125 problem=a9def5d6-bef6-461f-9d03-e687d64a60d6
{"n_prefixes": 125, "n_problems": 76, "input_prefixes": 125, "finished_input_prefixes": 0, "answer_emitted_input_prefixes": 0, "excluded_prefixes": 0, "answer_emitted_unknown_prefixes": 0, "selection": "exclude finished or answer_emitted; unknown answer status retained and counted", "gradient_label": "G=(reward-baseline)*grad log p(full_response|original_prompt)", "dimension": 5898240, "n_continuations": 2000, "wall_seconds": 744.9098326209933, "max_norm_relative_error": 0.0, "max_sketch_relative_error": 0.0, "half_means": true, "trajectory_decomposition": true, "trajectory_files": {"prefix_score_gradients": "prefix_score_gradients.npy", "half_mean_full_grads_a": "half_mean_full_grads_a.npy", "half_mean_full_grads_b": "half_mean_full_grads_b.npy", "half_mean_full_norm_sq_a": "half_mean_full_norm_sq_a.npy", "half_mean_full_norm_sq_b": "half_mean_full_norm_sq_b.npy", "half_full_metric_norm_sq_a": "half_full_metric_norm_sq_a.npy", "half_full_metric_norm_sq_b": "half_full_metric_norm_sq_b.npy"}, "metric_name": "euclidean", "metric_weights_sha256": "596ebc77c27e88ebf6449d6923d4dbbe7d12d50e77d29abd1ba9385fe294e7c6", "directional_values": null, "note": "exact frozen-actor ascent gradients; prefix means stored in FP64", "run_dir": "/SSD/00/wja/grace-pr12-20260928/replays/shard-0"}
