Loading checkpoint shards:   0%|          | 0/3 [00:00<?, ?it/s]Loading checkpoint shards: 100%|██████████| 3/3 [00:00<00:00, 84.51it/s]
replay=1/126 problem=d8e2a608-7bba-4f86-85aa-f06699b02000
replay=2/126 problem=d8e2a608-7bba-4f86-85aa-f06699b02000
replay=3/126 problem=faf8b8dc-bf58-4531-9993-8710aefa2fb0
replay=4/126 problem=faf8b8dc-bf58-4531-9993-8710aefa2fb0
replay=5/126 problem=61a3e42f-9342-4ebc-a4e2-a8f82067197b
replay=6/126 problem=ce889fc5-9820-4022-a0a3-9ac7ae5c8452
replay=7/126 problem=ce889fc5-9820-4022-a0a3-9ac7ae5c8452
replay=8/126 problem=2d6ca7ea-7940-449a-9e8c-e2e5793bf93d
replay=9/126 problem=2d6ca7ea-7940-449a-9e8c-e2e5793bf93d
replay=10/126 problem=9798cd89-553e-4840-80b5-8d08219433b1
replay=11/126 problem=9798cd89-553e-4840-80b5-8d08219433b1
replay=12/126 problem=35025d98-2c2c-472a-a915-6e3e8c11ee1a
replay=13/126 problem=35025d98-2c2c-472a-a915-6e3e8c11ee1a
replay=14/126 problem=40eb801c-e9e2-462a-a737-9aedbe0913f2
replay=15/126 problem=1b5baa9a-b342-49f8-af3a-41299984f4d0
replay=16/126 problem=1b5baa9a-b342-49f8-af3a-41299984f4d0
replay=17/126 problem=141d762f-c395-47d6-a8ed-73f2eebd503b
replay=18/126 problem=141d762f-c395-47d6-a8ed-73f2eebd503b
replay=19/126 problem=a84d8baa-d3df-4a80-9813-32ecbff0d44e
replay=20/126 problem=114f3961-d158-4b30-8ace-67fc24e86d20
replay=21/126 problem=114f3961-d158-4b30-8ace-67fc24e86d20
replay=22/126 problem=3f1b5215-5627-4ce6-b438-7d265f49e3f0
replay=23/126 problem=3f1b5215-5627-4ce6-b438-7d265f49e3f0
replay=24/126 problem=45ac3f7a-b24c-4aad-856c-008949eeff74
replay=25/126 problem=1f59568a-4083-49fb-a3f4-ef185d73d78e
replay=26/126 problem=1f59568a-4083-49fb-a3f4-ef185d73d78e
replay=27/126 problem=8340e9f9-c01d-473b-bac8-986b3545a7d4
replay=28/126 problem=8340e9f9-c01d-473b-bac8-986b3545a7d4
replay=29/126 problem=42505fdf-2e74-454e-9da2-141c5367dcaa
replay=30/126 problem=42505fdf-2e74-454e-9da2-141c5367dcaa
replay=31/126 problem=d7fdca23-89b4-4dd7-a282-c68d3aa2fb4e
replay=32/126 problem=d7fdca23-89b4-4dd7-a282-c68d3aa2fb4e
replay=33/126 problem=ece1f315-081c-4a30-8c11-70908139e5c1
replay=34/126 problem=ece1f315-081c-4a30-8c11-70908139e5c1
replay=35/126 problem=57b570df-7ce8-4a8f-ad79-7ce03d129870
replay=36/126 problem=16fbb61d-de67-4b1d-8343-86384409857e
replay=37/126 problem=408bc4ee-5f1f-4e69-9644-e005ad293056
replay=38/126 problem=408bc4ee-5f1f-4e69-9644-e005ad293056
replay=39/126 problem=e54dee00-5ff2-450c-bdba-00c47b146fc8
replay=40/126 problem=e54dee00-5ff2-450c-bdba-00c47b146fc8
replay=41/126 problem=add62b66-44a0-4a7b-b9fc-eccae2affc8d
replay=42/126 problem=add62b66-44a0-4a7b-b9fc-eccae2affc8d
replay=43/126 problem=0161be47-82d1-483e-82ab-96354d02ddb4
replay=44/126 problem=6fcd713b-7a91-4523-a018-34026c4bac88
replay=45/126 problem=a98d6ab6-c393-4f26-982e-960f3d3a22bc
replay=46/126 problem=e64a6860-cffd-4b4b-b4aa-7088c116773b
replay=47/126 problem=e64a6860-cffd-4b4b-b4aa-7088c116773b
replay=48/126 problem=37c243d7-361c-46b6-8e19-9a0cde3d1b7a
replay=49/126 problem=37c243d7-361c-46b6-8e19-9a0cde3d1b7a
replay=50/126 problem=c435e318-d08f-461e-aa66-8d606a91e789
replay=51/126 problem=c435e318-d08f-461e-aa66-8d606a91e789
replay=52/126 problem=3222d5d6-71cf-4b37-925b-d300f16add01
replay=53/126 problem=3cf13c7d-98dd-42e2-a6ee-a1297b369146
replay=54/126 problem=3cf13c7d-98dd-42e2-a6ee-a1297b369146
replay=55/126 problem=75c7e49a-120f-47e8-8077-eea6f881fd64
replay=56/126 problem=ee6e753c-3f28-4068-a97b-98a28bb2a2fb
replay=57/126 problem=ee6e753c-3f28-4068-a97b-98a28bb2a2fb
replay=58/126 problem=d7289987-a767-4481-b7e6-3d0ee92c09d7
replay=59/126 problem=d7289987-a767-4481-b7e6-3d0ee92c09d7
replay=60/126 problem=107d3122-08ad-494a-ab57-cc3d39421445
replay=61/126 problem=107d3122-08ad-494a-ab57-cc3d39421445
replay=62/126 problem=b4c88dfe-6725-4041-864e-dd54463b7dce
replay=63/126 problem=b4c88dfe-6725-4041-864e-dd54463b7dce
replay=64/126 problem=28d9b609-23c7-46d2-a402-ff8b3c1e55f8
replay=65/126 problem=28d9b609-23c7-46d2-a402-ff8b3c1e55f8
replay=66/126 problem=731ed9fe-a914-41e7-ac18-a3b280fe304f
replay=67/126 problem=4e5124aa-2ea7-48d4-9a85-cc846300a6d3
replay=68/126 problem=4e5124aa-2ea7-48d4-9a85-cc846300a6d3
replay=69/126 problem=d6a5922a-76e1-4ad1-9581-f6c602bf8e4f
replay=70/126 problem=d6a5922a-76e1-4ad1-9581-f6c602bf8e4f
replay=71/126 problem=02cd07ee-2130-4ae1-90db-5bfbf5534cad
replay=72/126 problem=02cd07ee-2130-4ae1-90db-5bfbf5534cad
replay=73/126 problem=8579c852-602f-41a1-9026-c12f9d3913d9
replay=74/126 problem=8579c852-602f-41a1-9026-c12f9d3913d9
replay=75/126 problem=d2d94be6-a510-46c0-89c5-466458a41822
replay=76/126 problem=d8a589d5-173c-49e4-be23-6a04ea3bc7c1
replay=77/126 problem=d8a589d5-173c-49e4-be23-6a04ea3bc7c1
replay=78/126 problem=2c5d98c6-91c7-4299-812f-68e00c15398f
replay=79/126 problem=2c5d98c6-91c7-4299-812f-68e00c15398f
replay=80/126 problem=3e68e15e-951c-43e3-8ccc-2a661f6bf463
replay=81/126 problem=3e68e15e-951c-43e3-8ccc-2a661f6bf463
replay=82/126 problem=6137f3cc-cd8e-43dd-9213-2e4c3784c96e
replay=83/126 problem=269c1c44-9ccb-4948-805a-e2befa00e33b
replay=84/126 problem=269c1c44-9ccb-4948-805a-e2befa00e33b
replay=85/126 problem=a936380f-cb50-4c0a-bf10-ee9fe441c878
replay=86/126 problem=3e1f2221-5eae-4d1a-9188-f7c2bffadcce
replay=87/126 problem=c850d151-d85a-443c-93c5-8f2d44443ac3
replay=88/126 problem=f346362b-79d3-4bf2-b225-18ac089ec9fa
replay=89/126 problem=170b7e42-578d-4820-918e-28ec99cf97e5
replay=90/126 problem=170b7e42-578d-4820-918e-28ec99cf97e5
replay=91/126 problem=e47cdc9f-da06-4512-a160-8fa59c21118e
replay=92/126 problem=e47cdc9f-da06-4512-a160-8fa59c21118e
replay=93/126 problem=0a3d137b-59d8-49d0-9601-04e2325a2f2e
replay=94/126 problem=0a3d137b-59d8-49d0-9601-04e2325a2f2e
replay=95/126 problem=58c52e09-9e94-47bd-90f8-290cb4941eb5
replay=96/126 problem=58c52e09-9e94-47bd-90f8-290cb4941eb5
replay=97/126 problem=338a4c07-6ff5-4710-b9a6-057bf9d4e32e
replay=98/126 problem=30fa89f5-c94a-4140-9c41-2f2082c096f0
replay=99/126 problem=cb78152b-12d7-46e8-8764-5512cd60e937
replay=100/126 problem=3bdcd15d-0f5e-4e20-b0f8-8934a0713596
replay=101/126 problem=3bdcd15d-0f5e-4e20-b0f8-8934a0713596
replay=102/126 problem=97ba39c8-88e9-4b99-830e-2821e73a0420
replay=103/126 problem=97ba39c8-88e9-4b99-830e-2821e73a0420
replay=104/126 problem=06e20141-f9c2-426b-951b-6555fa890a3f
replay=105/126 problem=043816dc-3fc3-4b90-b646-49bdceb414ce
replay=106/126 problem=043816dc-3fc3-4b90-b646-49bdceb414ce
replay=107/126 problem=603847cd-e73d-4e66-8f5c-05606c017a3b
replay=108/126 problem=603847cd-e73d-4e66-8f5c-05606c017a3b
replay=109/126 problem=96afdf85-dfc8-4d1f-9402-8e777bdcefeb
replay=110/126 problem=85fa0b97-ff60-42a3-bb4c-d14fb021b585
replay=111/126 problem=85fa0b97-ff60-42a3-bb4c-d14fb021b585
replay=112/126 problem=3cee50e7-f055-4259-a662-728dd6f66772
replay=113/126 problem=3cee50e7-f055-4259-a662-728dd6f66772
replay=114/126 problem=a0044427-2691-4354-add8-d10e674acf3d
replay=115/126 problem=6f368787-edea-4761-97ad-f168903e736f
replay=116/126 problem=6f368787-edea-4761-97ad-f168903e736f
replay=117/126 problem=28f1d742-8a03-4709-abdd-1bac6e78d8c3
replay=118/126 problem=28f1d742-8a03-4709-abdd-1bac6e78d8c3
replay=119/126 problem=5fc4fbb4-7341-4fa7-b545-fa0aae6557e1
replay=120/126 problem=400f43b0-879f-4158-a88e-b8593004224d
replay=121/126 problem=49e8d0ad-6a0f-452a-bd36-1686678d6f31
replay=122/126 problem=49e8d0ad-6a0f-452a-bd36-1686678d6f31
replay=123/126 problem=7b766156-fbe4-46ee-903b-8dce4378dd74
replay=124/126 problem=7b766156-fbe4-46ee-903b-8dce4378dd74
replay=125/126 problem=799fc097-a2a3-480c-8c6d-d2acd0767ad4
replay=126/126 problem=d3065cdf-715b-4694-a101-3b8430556d74
{"n_prefixes": 126, "n_problems": 77, "input_prefixes": 126, "finished_input_prefixes": 0, "answer_emitted_input_prefixes": 0, "excluded_prefixes": 0, "answer_emitted_unknown_prefixes": 0, "selection": "exclude finished or answer_emitted; unknown answer status retained and counted", "gradient_label": "G=(reward-baseline)*grad log p(full_response|original_prompt)", "dimension": 5898240, "n_continuations": 2016, "wall_seconds": 826.9904406052083, "max_norm_relative_error": 0.0, "max_sketch_relative_error": 0.0, "half_means": true, "trajectory_decomposition": true, "trajectory_files": {"prefix_score_gradients": "prefix_score_gradients.npy", "half_mean_full_grads_a": "half_mean_full_grads_a.npy", "half_mean_full_grads_b": "half_mean_full_grads_b.npy", "half_mean_full_norm_sq_a": "half_mean_full_norm_sq_a.npy", "half_mean_full_norm_sq_b": "half_mean_full_norm_sq_b.npy", "half_full_metric_norm_sq_a": "half_full_metric_norm_sq_a.npy", "half_full_metric_norm_sq_b": "half_full_metric_norm_sq_b.npy"}, "metric_name": "euclidean", "metric_weights_sha256": "596ebc77c27e88ebf6449d6923d4dbbe7d12d50e77d29abd1ba9385fe294e7c6", "directional_values": null, "note": "exact frozen-actor ascent gradients; prefix means stored in FP64", "run_dir": "/SSD/00/wja/grace-pr12-20260928/replays/shard-2"}
